[www.cf139.com/cn/zt/campaign1912570d.html]
[backblue.gif]
[fade.gif]
[index.html]
[www.cf139.com/cn/zt/css/template.css]
[www.cf139.com/cn/zt/css/aos.css]
[www.cf139.com/cn/zt/css/swiper.min-4.0.7.css]
[www.cf139.com/cn/zt/css/campaign1912.css]
[www.cf139.com/cn/zt/super-topic/super_topic.html]
[www.cf139.com/cn/zt/non-farm6.html]
[www.cf139.com/cn/zt/tradeWar.html]
[www.cf139.com/cn/zt/referral-new.html]
[www.cf139.com/cn/zt/weekend.html]
[www.cf139.com/cn/zt/js/swiper.min-4.0.7.js]
[www.cf139.com/cn/zt/js/aos.js]
[www.cf139.com/cn/zt/js/openAccount7acc.js]
[www.cf139.com/cn/zt/campaign1912570d.html]
[www.cf139.com/cn/zt/js/rcfd.js]
[www.cf139.com/cn/zt/fonts/myriad/MYRIADPRO-LIGHT.OTF]
[www.cf139.com/cn/zt/fonts/myriad/MYRIADPRO-LIGHT.woff]
[www.cf139.com/cn/zt/fonts/myriad/MYRIADPRO-BOLD.OTF]
[www.cf139.com/cn/zt/fonts/myriad/MyriadPro-Regular.otf]
[www.cf139.com/cn/zt/fonts/myriad/MyriadPro-Regular.woff]
[www.cf139.com/cn/zt/css/template.css]
[www.cf139.com/cn/zt/css/aos.css]
[www.cf139.com/cn/zt/css/swiper.min-4.0.7.css]
[www.cf139.com/cn/zt/css/campaign1912.css]
[www.cf139.com/cn/zt/css/super-topic/super-topic.css]
[www.cf139.com/cn/zt/js/jquery.SuperSlide.2.1.1.js]
[www.cf139.com/cn/zt/js/super-topic/super_topic.js]
[www.cf139.com/cn/zt/super-topic/super_topic.html]
[www.cf139.com/cn/zt/js/super-topic/common.js]
[www.cf139.com/cn/zt/css/non-farmffee.css]
[www.cf139.com/cn/zt/js/highcharts.js]
[www.cf139.com/cn/zt/non-farm6.html]
[www.cf139.com/cn/zt/js/non-farm.js]
[www.cf139.com/cn/zt/css/tradeWar.css]
[www.cf139.com/cn/zt/metalTrade.html]
[www.cf139.com/cn/zt/tradeWar.html]
[www.cf139.com/cn/zt/super-topic/topic_detail0f0a.html]
[www.cf139.com/cn/zt/css/referral-new0471.css]
[www.cf139.com/cn/zt/referral-new.html]
[www.cf139.com/cn/zt/js/referral-new.js]
[www.cf139.com/cn/zt/weekend.html]
[www.cf139.com/cn/zt/fonts/myriad/MYRIADPRO-LIGHT.html]
[www.cf139.com/cn/zt/fonts/myriad/MYRIADPRO-LIGHT-2.html]
[www.cf139.com/cn/zt/fonts/myriad/MYRIADPRO-BOLD.html]
[www.cf139.com/cn/zt/fonts/myriad/MyriadPro-Regular.html]
[www.cf139.com/cn/zt/fonts/myriad/MyriadPro-Regular-2.html]
[www.cf139.com/cn/zt/css/weekend.css]
[www.cf139.com/cn/zt/images/super-topic/example.jpg]
[www.cf139.com/cn/zt/css/super-topic/super-topic.css]
[www.cf139.com/cn/zt/css/non-farmffee.css]
[www.cf139.com/cn/zt/css/tradeWar.css]
[www.cf139.com/cn/zt/super-topic/images/banner.jpg]
[www.cf139.com/cn/zt/metalTrade.html]
[www.cf139.com/cn/zt/css/metalTrade.css]
[www.cf139.com/cn/zt/css/super-topic/topic-detail.css]
[www.cf139.com/cn/zt/super-topic/images/send.png]
[www.cf139.com/cn/zt/super-topic/images/ckey-m.png]
[www.cf139.com/cn/zt/js/super-topic/danmu.js]
[www.cf139.com/cn/zt/js/super-topic/topic-detail1ab5.js]
[www.cf139.com/cn/zt/super-topic/topic_detail0f0a.html]
[www.cf139.com/cn/zt/css/referral-new0471.css]
[www.cf139.com/cn/zt/css/weekend.css]
[www.cf139.com/cn/zt/images/super-topic/example.html]
[www.cf139.com/cn/zt/js/jquery.cookie.min.js]
[www.cf139.com/cn/zt/css/metalTrade/IMPACT.ttf]
[www.cf139.com/cn/zt/css/metalTrade/å°äº­ç¹é» GBK.TTF]
[www.cf139.com/cn/zt/css/metalTrade.css]
[www.cf139.com/cn/zt/super-topic/images/openIcon.png]
[www.cf139.com/cn/zt/super-topic/images/hand.png]
[www.cf139.com/cn/zt/super-topic/images/arrow-right0526.png]
[www.cf139.com/cn/zt/css/super-topic/topic-detail.css]
[www.cf139.com/cn/zt/super-topic/images/arrow-rightb96d.png]
[www.cf139.com/cn/zt/css/metalTrade/IMPACT.html]
[www.cf139.com/cn/zt/css/metalTrade/å°äº­ç¹é» GBK.html]
